../Core/Src/main.c:106:5:main	16	static
../Core/Src/main.c:199:6:SystemClock_Config	88	static
../Core/Src/main.c:246:13:MX_ADC1_Init	56	static
../Core/Src/main.c:318:13:MX_ADC2_Init	40	static
../Core/Src/main.c:381:13:MX_ADC3_Init	56	static
../Core/Src/main.c:453:13:MX_ADC4_Init	40	static
../Core/Src/main.c:516:13:MX_DAC1_Init	56	static
../Core/Src/main.c:563:13:MX_I2C3_Init	8	static
../Core/Src/main.c:611:13:MX_TIM2_Init	40	static
../Core/Src/main.c:654:13:MX_DMA_Init	16	static
../Core/Src/main.c:682:13:MX_GPIO_Init	48	static
../Core/Src/main.c:741:5:InterpretConfig	160	static
../Core/Src/main.c:784:5:InterpretVariable	16	static
../Core/Src/main.c:808:5:SetupMeasurement	4	static
../Core/Src/main.c:821:5:StartMeasurement	8	static
../Core/Src/main.c:837:6:HAL_ADC_ConvHalfCpltCallback	16	static
../Core/Src/main.c:853:6:HAL_ADC_ConvCpltCallback	16	static
../Core/Src/main.c:869:5:SendData	8056	static
../Core/Src/main.c:917:6:Error_Handler	4	static,ignoring_inline_asm
