../Core/Src/main.c:177:5:main	16	static
../Core/Src/main.c:278:6:SystemClock_Config	88	static
../Core/Src/main.c:325:13:MX_ADC1_Init	56	static
../Core/Src/main.c:397:13:MX_ADC2_Init	40	static
../Core/Src/main.c:460:13:MX_ADC3_Init	56	static
../Core/Src/main.c:532:13:MX_ADC4_Init	40	static
../Core/Src/main.c:595:13:MX_DAC1_Init	56	static
../Core/Src/main.c:642:13:MX_I2C3_Init	8	static
../Core/Src/main.c:690:13:MX_TIM2_Init	40	static
../Core/Src/main.c:733:13:MX_DMA_Init	16	static
../Core/Src/main.c:761:13:MX_GPIO_Init	48	static
../Core/Src/main.c:820:5:InterpretConfig	160	static
../Core/Src/main.c:863:5:InterpretVariable	16	static
../Core/Src/main.c:887:5:SetupMeasurement	96	static
../Core/Src/main.c:963:5:SendParameters	8064	static
../Core/Src/main.c:975:5:StartMeasurement	8	static
../Core/Src/main.c:991:6:HAL_ADC_ConvHalfCpltCallback	16	static
../Core/Src/main.c:1007:6:HAL_ADC_ConvCpltCallback	16	static
../Core/Src/main.c:1023:5:SendData	8056	static
../Core/Src/main.c:1071:6:Error_Handler	4	static,ignoring_inline_asm
