../Core/Src/main.c:97:5:main	8056	static
../Core/Src/main.c:203:6:SystemClock_Config	88	static
../Core/Src/main.c:250:13:MX_ADC1_Init	56	static
../Core/Src/main.c:322:13:MX_ADC2_Init	40	static
../Core/Src/main.c:385:13:MX_ADC3_Init	56	static
../Core/Src/main.c:457:13:MX_ADC4_Init	40	static
../Core/Src/main.c:520:13:MX_LPUART1_UART_Init	8	static
../Core/Src/main.c:567:13:MX_TIM2_Init	56	static
../Core/Src/main.c:617:13:MX_DMA_Init	16	static
../Core/Src/main.c:645:13:MX_GPIO_Init	48	static
../Core/Src/main.c:701:6:HAL_ADC_ConvHalfCpltCallback	16	static
../Core/Src/main.c:709:6:HAL_ADC_ConvCpltCallback	16	static
../Core/Src/main.c:723:6:Error_Handler	4	static,ignoring_inline_asm
