../Core/Src/main.c:95:5:main	64	static
../Core/Src/main.c:185:6:SystemClock_Config	88	static
../Core/Src/main.c:232:13:MX_ADC1_Init	56	static
../Core/Src/main.c:304:13:MX_ADC2_Init	40	static
../Core/Src/main.c:367:13:MX_ADC3_Init	56	static
../Core/Src/main.c:435:13:MX_ADC4_Init	40	static
../Core/Src/main.c:494:13:MX_LPUART1_UART_Init	8	static
../Core/Src/main.c:541:13:MX_TIM2_Init	56	static
../Core/Src/main.c:591:13:MX_DMA_Init	16	static
../Core/Src/main.c:613:13:MX_GPIO_Init	48	static
../Core/Src/main.c:669:6:HAL_ADC_ConvHalfCpltCallback	16	static
../Core/Src/main.c:677:6:HAL_ADC_ConvCpltCallback	16	static
../Core/Src/main.c:691:6:Error_Handler	4	static,ignoring_inline_asm
