../Core/Src/main.c:84:5:main	8208	static
../Core/Src/main.c:147:6:SystemClock_Config	160	static
../Core/Src/main.c:197:13:MX_ADC1_Init	48	static
../Core/Src/main.c:263:13:MX_ADC2_Init	32	static
../Core/Src/main.c:320:13:MX_ADC3_Init	48	static
../Core/Src/main.c:386:13:MX_ADC4_Init	32	static
../Core/Src/main.c:443:13:MX_TIM2_Init	40	static
../Core/Src/main.c:488:13:MX_USART2_UART_Init	8	static
../Core/Src/main.c:521:13:MX_DMA_Init	16	static
../Core/Src/main.c:549:13:MX_GPIO_Init	48	static
../Core/Src/main.c:607:6:Error_Handler	4	static,ignoring_inline_asm
